// Vitest Snapshot v1, https://vitest.dev/guide/snapshot.html

exports[`Divider test > should render without crashing 1`] = `
<body>
  <div>
    <div
      class="h-px w-full bg-customGray-700"
    />
  </div>
</body>
`;
